// Jest Snapshot v1, https://goo.gl/fbAQLP

exports[`Header renders correctly 1`] = `
<DocumentFragment>
  <header
    class="flex justify-end h-[75px] w-full items-center p-[30px]"
  >
    <div
      class="flex items-center mt-[30px]"
    >
      <a
        class="flex justify-center items-center w-[30px] h-[30px] rounded-full bg-[#cda8ff]"
        href="/"
      >
        <svg
          fill="none"
          height="30"
          viewBox="0 0 30 30"
          width="30"
          xmlns="http://www.w3.org/2000/svg"
        >
          <path
            d="M15 23.0009C15.5304 23.0009 16.0391 22.7902 16.4142 22.4151C16.7893 22.04 17 21.5313 17 21.0009H13C13 21.5313 13.2107 22.04 13.5858 22.4151C13.9609 22.7902 14.4696 23.0009 15 23.0009ZM15 8.91887L14.203 9.07987C13.2988 9.26373 12.4859 9.75453 11.9022 10.4691C11.3185 11.1837 10.9997 12.0782 11 13.0009C11 13.6289 10.866 15.1979 10.541 16.7429C10.381 17.5099 10.165 18.3089 9.878 19.0009H20.122C19.835 18.3089 19.62 17.5109 19.459 16.7429C19.134 15.1979 19 13.6289 19 13.0009C19 12.0783 18.6812 11.1841 18.0975 10.4697C17.5138 9.75535 16.701 9.26469 15.797 9.08087L15 8.91887ZM21.22 19.0009C21.443 19.4479 21.701 19.8019 22 20.0009H8C8.299 19.8019 8.557 19.4479 8.78 19.0009C9.68 17.2009 10 13.8809 10 13.0009C10 10.5809 11.72 8.56087 14.005 8.09987C13.991 7.96083 14.0064 7.8204 14.05 7.68765C14.0937 7.5549 14.1647 7.43276 14.2584 7.32913C14.3522 7.2255 14.4666 7.14267 14.5943 7.08598C14.7221 7.02929 14.8603 7 15 7C15.1397 7 15.2779 7.02929 15.4057 7.08598C15.5334 7.14267 15.6478 7.2255 15.7416 7.32913C15.8353 7.43276 15.9063 7.5549 15.95 7.68765C15.9936 7.8204 16.009 7.96083 15.995 8.09987C17.1255 8.32943 18.1418 8.94279 18.8717 9.83601C19.6016 10.7292 20.0002 11.8473 20 13.0009C20 13.8809 20.32 17.2009 21.22 19.0009Z"
            fill="white"
          />
        </svg>
      </a>
      <a
        class="w-[133px] h-[40px] font-poppins font-normal text-[13px] leading-[20px] flex items-center justify-center tracking-[0.1px] text-white"
        href="/"
      >
        Account Name
      </a>
      <a
        class="w-[45px] h-[45px] rounded-full bg-[#cda8ff] border border-white flex items-center justify-center overflow-hidden"
        href="/"
      >
        <img
          alt="user"
          data-nimg="1"
          decoding="async"
          height="40"
          loading="lazy"
          src="/_next/image?url=https%3A%2F%2Fs3-alpha-sig.figma.com%2Fimg%2Fddaf%2Fd214%2F680dadd2835dc69a669d8ce023421b1c%3FExpires%3D1737331200%26Key-Pair-Id%3DAPKAQ4GOSFWCVNEHN3O4%26Signature%3DK7rU3o-8GFGJI4V7CfVpMkvzDiYVkJvsLbhGpkMLM~-Pz1~bWUeMFm3tQaA1P8~VrdmqrSMW059MkI9tzCW81yZPcFjdWnYheQgnbgm2v0Z1wwnA6YdOTG57SJoUp5zkZnYzKgWcOgP9VxL-B6iIYd-4n3m8xJJeyIsWiMDSt31YCdo67l7D1-z3SZgzCks61hfH8rYngzWRHgKLedNZtORENrqhEYeh486LPpYTYywpUSty9-0i~xhnDLyyJAEUHu7gUwA8hpl~3-H~yw0cmErPh-FG0z93cqhUy1sdpLj8g9f37xEIJGTbZkdTHFehSHGX4w4EhkMv4E3aMm~Xyw__&w=96&q=75"
          srcset="/_next/image?url=https%3A%2F%2Fs3-alpha-sig.figma.com%2Fimg%2Fddaf%2Fd214%2F680dadd2835dc69a669d8ce023421b1c%3FExpires%3D1737331200%26Key-Pair-Id%3DAPKAQ4GOSFWCVNEHN3O4%26Signature%3DK7rU3o-8GFGJI4V7CfVpMkvzDiYVkJvsLbhGpkMLM~-Pz1~bWUeMFm3tQaA1P8~VrdmqrSMW059MkI9tzCW81yZPcFjdWnYheQgnbgm2v0Z1wwnA6YdOTG57SJoUp5zkZnYzKgWcOgP9VxL-B6iIYd-4n3m8xJJeyIsWiMDSt31YCdo67l7D1-z3SZgzCks61hfH8rYngzWRHgKLedNZtORENrqhEYeh486LPpYTYywpUSty9-0i~xhnDLyyJAEUHu7gUwA8hpl~3-H~yw0cmErPh-FG0z93cqhUy1sdpLj8g9f37xEIJGTbZkdTHFehSHGX4w4EhkMv4E3aMm~Xyw__&w=48&q=75 1x, /_next/image?url=https%3A%2F%2Fs3-alpha-sig.figma.com%2Fimg%2Fddaf%2Fd214%2F680dadd2835dc69a669d8ce023421b1c%3FExpires%3D1737331200%26Key-Pair-Id%3DAPKAQ4GOSFWCVNEHN3O4%26Signature%3DK7rU3o-8GFGJI4V7CfVpMkvzDiYVkJvsLbhGpkMLM~-Pz1~bWUeMFm3tQaA1P8~VrdmqrSMW059MkI9tzCW81yZPcFjdWnYheQgnbgm2v0Z1wwnA6YdOTG57SJoUp5zkZnYzKgWcOgP9VxL-B6iIYd-4n3m8xJJeyIsWiMDSt31YCdo67l7D1-z3SZgzCks61hfH8rYngzWRHgKLedNZtORENrqhEYeh486LPpYTYywpUSty9-0i~xhnDLyyJAEUHu7gUwA8hpl~3-H~yw0cmErPh-FG0z93cqhUy1sdpLj8g9f37xEIJGTbZkdTHFehSHGX4w4EhkMv4E3aMm~Xyw__&w=96&q=75 2x"
          style="color: transparent;"
          width="40"
        />
      </a>
    </div>
  </header>
</DocumentFragment>
`;
