// Jest Snapshot v1, https://goo.gl/fbAQLP

exports[`SearchBox renders correctly 1`] = `
<DocumentFragment>
  <input
    class="z-10 h-full w-[270px] mr-2.5 flex items-center cursor-pointer self-baseline font-poppins font-normal text-base leading-4 mb-2.5 md:mb-0 bg-transparent border-none outline-none focus:ring-0 placeholder-white"
    placeholder="Search for Project"
  />
</DocumentFragment>
`;
